Microsoft (R) Macro Assembler Version 6.11		    11/16/20 21:09:28
tempfile.asm						     Page 1 - 1


 0000				DATAS SEGMENT
 0000 41 53 53 45 4D 42			STR1 DB 'ASSEMBLE LANGUAGE'
       4C 45 20 4C 41 4E
       47 55 41 47 45
 0011  0014 [				STR2 DB 20 DUP(?)
        00
       ]
				    ;此处输入数据段代码  
 0025				DATAS ENDS

 0000				STACKS SEGMENT
				    ;此处输入堆栈段代码
 0000				STACKS ENDS

 0000				CODES SEGMENT
				    ASSUME CS:CODES,DS:DATAS,SS:STACKS
 0000				START:
 0000  B8 ---- R		    MOV AX,DATAS
 0003  8E D8			    MOV DS,AX
				    
 0005  B9 0011			    MOV CX,17
 0008  8D 36 0000 R		    LEA SI,STR1
 000C  8D 3E 0011 R		    LEA DI,STR2
 0010  03 F1			    ADD SI,CX
 0012  4E			    DEC SI
 0013				L1:
 0013  8A 04				MOV AL,[SI]
 0015  88 05				MOV [DI],AL
 0017  4E				DEC SI
 0018  47				INC DI
 0019  E2 F8				LOOP L1
				    
				    ;此处输入代码段代码
 001B  B4 4C			    MOV AH,4CH
 001D  CD 21			    INT 21H
 001F				CODES ENDS
				    END START

Microsoft (R) Macro Assembler Version 6.11		    11/16/20 21:09:28
tempfile.asm						     Symbols 2 - 1




Segments and Groups:

                N a m e                 Size     Length   Align   Combine Class

CODES  . . . . . . . . . . . . .	16 Bit	 001F	  Para	  Private 
DATAS  . . . . . . . . . . . . .	16 Bit	 0025	  Para	  Private 
STACKS . . . . . . . . . . . . .	16 Bit	 0000	  Para	  Private 


Symbols:

                N a m e                 Type     Value    Attr

L1 . . . . . . . . . . . . . . .	L Near	 0013	  CODES	
START  . . . . . . . . . . . . .	L Near	 0000	  CODES	
STR1 . . . . . . . . . . . . . .	Byte	 0000	  DATAS	
STR2 . . . . . . . . . . . . . .	Byte	 0011	  DATAS	

	   0 Warnings
	   0 Errors
